<!DOCTYPE html PUBLIC "-//W3C//DTD XHTML 1.0 Strict//EN" "http://www.w3.org/TR/xhtml1/DTD/xhtml1-strict.dtd">
<html xmlns="http://www.w3.org/1999/xhtml" lang="en">
 <head> 
  <title>A Test Site</title> 
 </head> 
 <body> 
  <p>This is a <a href="/site/site.test/resource/static/get?path=/test.zip">zip</a> file managed by the FCKeditor!</p> 
  <p>This is a <a class="test" href="/site/site.test/resource/static/get?path=/sub/text.pdf">pdf</a> file managed by the FCKeditor!</p> 
  <p>Photo <img height="235" alt="Photo" width="175" class="imageonleft" src="/site/site.test/resource/static/get?path=/file/photo_175x235.jpg"></p>  
 </body>
</html>